edoco@edoco01 MINGW64 ~
$ git --version
git version 2.41.0.windows.2

edoco@edoco01 MINGW64 ~
$ git config --help

edoco@edoco01 MINGW64 ~
$ mkdir test

edoco@edoco01 MINGW64 ~
$ cd test

edoco@edoco01 MINGW64 ~/test
$ git init
Initialized empty Git repository in C:/Users/edoco/test/.git/

edoco@edoco01 MINGW64 ~/test (master)
$ git status
On branch master

No commits yet

Untracked files:
  (use "git add <file>..." to include in what will be committed)
        demo.txt

nothing added to commit but untracked files present (use "git add" to track)

edoco@edoco01 MINGW64 ~/test (master)
$ git add demo.txt

edoco@edoco01 MINGW64 ~/test (master)
$ git config --global user.name "edocg"

edoco@edoco01 MINGW64 ~/test (master)
$ git config --global user.email "eduardocgalvez@gmail.com"

edoco@edoco01 MINGW64 ~/test (master)
$ git commit -m "commiting a text file"
[master (root-commit) ffd46aa] commiting a text file
 1 file changed, 1 insertion(+)
 create mode 100644 demo.txt

edoco@edoco01 MINGW64 ~/test (master)
$ git remote add origin https://github.com/edocg/test_demo.git

edoco@edoco01 MINGW64 ~/test (master)
$ git push origin master
info: please complete authentication in your browser...
Enumerating objects: 3, done.
Counting objects: 100% (3/3), done.
Writing objects: 100% (3/3), 226 bytes | 226.00 KiB/s, done.
Total 3 (delta 0), reused 0 (delta 0), pack-reused 0
To https://github.com/edocg/test_demo.git
 * [new branch]      master -> master

edoco@edoco01 MINGW64 ~/test (master)
$
